// Jest Snapshot v1, https://goo.gl/fbAQLP

exports[`getTranslation Saga should call the translationLoadingError action if the response errors 1`] = `
Object {
  "@@redux-saga/IO": true,
  "SELECT": Object {
    "args": Array [],
    "selector": [Function],
  },
}
`;

exports[`getTranslation Saga should call the translationLoadingError action if the response errors 2`] = `
Object {
  "@@redux-saga/IO": true,
  "CALL": Object {
    "args": Array [
      "http://yoda-speak-wrapper.herokuapp.com/api/we will translate this",
    ],
    "context": null,
    "fn": [Function],
  },
}
`;

exports[`getTranslation Saga should dispatch the translationLoaded action if it requests the data successfully 1`] = `
Object {
  "@@redux-saga/IO": true,
  "SELECT": Object {
    "args": Array [],
    "selector": [Function],
  },
}
`;

exports[`getTranslation Saga should dispatch the translationLoaded action if it requests the data successfully 2`] = `
Object {
  "@@redux-saga/IO": true,
  "CALL": Object {
    "args": Array [
      "http://yoda-speak-wrapper.herokuapp.com/api/we will translate this",
    ],
    "context": null,
    "fn": [Function],
  },
}
`;
